// Jest Snapshot v1, https://goo.gl/fbAQLP

exports[`Home renders a home page 1`] = `
<div>
  <div>
    <h1
      class="text-3xl font-bold underline"
    >
      Navbar!
    </h1>
    <button>
      Japanese
    </button>
    <br />
    <button>
      English
    </button>
    <br />
    <button>
      Korean
    </button>
    <h1
      class="title"
    >
      Hello world!
    </h1>
    <button
      class="wrapper"
    >
      BaseButton
    </button>
  </div>
</div>
`;
